2026-05-24T20:07:49.2539358Z     __ __          __      __    _ __     
2026-05-24T20:07:49.2540952Z    / //_/_  _ ____/ /_  __/ /   (_) /____ 
2026-05-24T20:07:49.2541023Z   / ,< / / / / __  / / / / /   / / __/ _  
2026-05-24T20:07:49.2541063Z  / /| / /_/ / /_/ / /_/ / /___/ / /_/  __/
2026-05-24T20:07:49.2541099Z /_/ |_\__,_/\__,_/\__,_/_____/_/\__/\___/ 
2026-05-24T20:07:49.2541137Z 
2026-05-24T20:07:49.2541216Z                                           
2026-05-24T20:07:49.2541252Z DEBUG CONSOLE | AZURE APP SERVICE ON LINUX
2026-05-24T20:07:49.2541283Z 
2026-05-24T20:07:49.2541318Z Documentation: http://aka.ms/webapp-linux
2026-05-24T20:07:49.2541349Z Kudu Version : 20260420.5
2026-05-24T20:07:49.2541381Z Commit       : 7a094e2df1cfed4581bd19068ff5e3be7c578796
2026-05-24T20:07:49.2541414Z Instance Name: 10-30-0-147
2026-05-24T20:07:49.2541450Z Instance Id  : 1b1f15bb56786a6bb8ba86082f436e509051d1089ba3891ef72c9800a4f23207
2026-05-24T20:07:49.2541489Z 
2026-05-24T20:07:50.5787137Z chown: changing ownership of '/temp': Operation not permitted
2026-05-24T20:07:50.5882453Z chmod: changing permissions of '/temp': Operation not permitted
2026-05-24T20:07:51.1536566Z Restarting OpenBSD Secure Shell server: sshd.
2026-05-24T20:07:51.1752935Z node not running, starting node /opt/webssh/index.js
2026-05-24T20:07:53.2105573Z Sun May 24 20:07:53 UTC 2026 running .net core
2026-05-24T20:07:53.7681554Z Startup : 08.07.53.758058
2026-05-24T20:07:53.7907995Z Configure Services : 08.07.53.790586
2026-05-24T20:07:53.9893222Z Configure : 08.07.53.989087
2026-05-24T20:07:54.1362329Z Setting Up Routes : 08.07.54.136045
2026-05-24T20:07:54.3713275Z Exiting Configure : 08.07.54.369929
2026-05-24T20:07:54.4439305Z Hosting environment: Production
2026-05-24T20:07:54.4447958Z Content root path: /opt/Kudu
2026-05-24T20:07:54.4456099Z Now listening on: http://0.0.0.0:8181
2026-05-24T20:07:54.4456331Z Application started. Press Ctrl+C to shut down.
