2026-05-24T20:04:50.4668273Z     __ __          __      __    _ __     
2026-05-24T20:04:50.4706442Z    / //_/_  _ ____/ /_  __/ /   (_) /____ 
2026-05-24T20:04:50.4706566Z   / ,< / / / / __  / / / / /   / / __/ _  
2026-05-24T20:04:50.4706624Z  / /| / /_/ / /_/ / /_/ / /___/ / /_/  __/
2026-05-24T20:04:50.4706663Z /_/ |_\__,_/\__,_/\__,_/_____/_/\__/\___/ 
2026-05-24T20:04:50.4706695Z 
2026-05-24T20:04:50.4706743Z                                           
2026-05-24T20:04:50.4706775Z DEBUG CONSOLE | AZURE APP SERVICE ON LINUX
2026-05-24T20:04:50.4706803Z 
2026-05-24T20:04:50.4706835Z Documentation: http://aka.ms/webapp-linux
2026-05-24T20:04:50.4706878Z Kudu Version : 20260420.5
2026-05-24T20:04:50.4706912Z Commit       : 7a094e2df1cfed4581bd19068ff5e3be7c578796
2026-05-24T20:04:50.4706945Z Instance Name: 10-30-0-147
2026-05-24T20:04:50.4706982Z Instance Id  : 1b1f15bb56786a6bb8ba86082f436e509051d1089ba3891ef72c9800a4f23207
2026-05-24T20:04:50.4707011Z 
2026-05-24T20:04:51.1739659Z chown: changing ownership of '/temp': Operation not permitted
2026-05-24T20:04:51.1805380Z chmod: changing permissions of '/temp': Operation not permitted
2026-05-24T20:04:52.0758656Z Restarting OpenBSD Secure Shell server: sshd.
2026-05-24T20:04:52.1259643Z node not running, starting node /opt/webssh/index.js
2026-05-24T20:04:54.7073202Z Sun May 24 20:04:54 UTC 2026 running .net core
2026-05-24T20:04:55.2507998Z Startup : 08.04.55.239499
2026-05-24T20:04:55.2702250Z Configure Services : 08.04.55.269950
2026-05-24T20:04:55.5100617Z Configure : 08.04.55.509871
2026-05-24T20:04:55.6617108Z Setting Up Routes : 08.04.55.661526
2026-05-24T20:04:55.6807605Z Exiting Configure : 08.04.55.679714
2026-05-24T20:04:55.8094756Z Hosting environment: Production
2026-05-24T20:04:55.8095492Z Content root path: /opt/Kudu
2026-05-24T20:04:55.8095619Z Now listening on: http://0.0.0.0:8181
2026-05-24T20:04:55.8095672Z Application started. Press Ctrl+C to shut down.
2026-05-24T20:06:48.7377725Z     __ __          __      __    _ __     
2026-05-24T20:06:48.7378949Z    / //_/_  _ ____/ /_  __/ /   (_) /____ 
2026-05-24T20:06:48.7379022Z   / ,< / / / / __  / / / / /   / / __/ _  
2026-05-24T20:06:48.7379066Z  / /| / /_/ / /_/ / /_/ / /___/ / /_/  __/
2026-05-24T20:06:48.7379102Z /_/ |_\__,_/\__,_/\__,_/_____/_/\__/\___/ 
2026-05-24T20:06:48.7379147Z 
2026-05-24T20:06:48.7379188Z                                           
2026-05-24T20:06:48.7379238Z DEBUG CONSOLE | AZURE APP SERVICE ON LINUX
2026-05-24T20:06:48.7379276Z 
2026-05-24T20:06:48.7379314Z Documentation: http://aka.ms/webapp-linux
2026-05-24T20:06:48.7379348Z Kudu Version : 20260420.5
2026-05-24T20:06:48.7379381Z Commit       : 7a094e2df1cfed4581bd19068ff5e3be7c578796
2026-05-24T20:06:48.7379411Z Instance Name: 10-30-0-147
2026-05-24T20:06:48.7379437Z Instance Id  : 1b1f15bb56786a6bb8ba86082f436e509051d1089ba3891ef72c9800a4f23207
2026-05-24T20:06:48.7379458Z 
2026-05-24T20:06:49.5101662Z chown: changing ownership of '/temp': Operation not permitted
2026-05-24T20:06:49.5133916Z chmod: changing permissions of '/temp': Operation not permitted
2026-05-24T20:06:49.9091156Z Restarting OpenBSD Secure Shell server: sshd.
2026-05-24T20:06:49.9311855Z node not running, starting node /opt/webssh/index.js
2026-05-24T20:07:49.2539358Z     __ __          __      __    _ __     
2026-05-24T20:07:49.2540952Z    / //_/_  _ ____/ /_  __/ /   (_) /____ 
2026-05-24T20:07:49.2541023Z   / ,< / / / / __  / / / / /   / / __/ _  
2026-05-24T20:07:49.2541063Z  / /| / /_/ / /_/ / /_/ / /___/ / /_/  __/
2026-05-24T20:07:49.2541099Z /_/ |_\__,_/\__,_/\__,_/_____/_/\__/\___/ 
2026-05-24T20:07:49.2541137Z 
2026-05-24T20:07:49.2541216Z                                           
2026-05-24T20:07:49.2541252Z DEBUG CONSOLE | AZURE APP SERVICE ON LINUX
2026-05-24T20:07:49.2541283Z 
2026-05-24T20:07:49.2541318Z Documentation: http://aka.ms/webapp-linux
2026-05-24T20:07:49.2541349Z Kudu Version : 20260420.5
2026-05-24T20:07:49.2541381Z Commit       : 7a094e2df1cfed4581bd19068ff5e3be7c578796
2026-05-24T20:07:49.2541414Z Instance Name: 10-30-0-147
2026-05-24T20:07:49.2541450Z Instance Id  : 1b1f15bb56786a6bb8ba86082f436e509051d1089ba3891ef72c9800a4f23207
2026-05-24T20:07:49.2541489Z 
2026-05-24T20:07:50.5787137Z chown: changing ownership of '/temp': Operation not permitted
2026-05-24T20:07:50.5882453Z chmod: changing permissions of '/temp': Operation not permitted
2026-05-24T20:07:51.1536566Z Restarting OpenBSD Secure Shell server: sshd.
2026-05-24T20:07:51.1752935Z node not running, starting node /opt/webssh/index.js
2026-05-24T20:07:53.2105573Z Sun May 24 20:07:53 UTC 2026 running .net core
2026-05-24T20:07:53.7681554Z Startup : 08.07.53.758058
2026-05-24T20:07:53.7907995Z Configure Services : 08.07.53.790586
2026-05-24T20:07:53.9893222Z Configure : 08.07.53.989087
2026-05-24T20:07:54.1362329Z Setting Up Routes : 08.07.54.136045
2026-05-24T20:07:54.3713275Z Exiting Configure : 08.07.54.369929
2026-05-24T20:07:54.4439305Z Hosting environment: Production
2026-05-24T20:07:54.4447958Z Content root path: /opt/Kudu
2026-05-24T20:07:54.4456099Z Now listening on: http://0.0.0.0:8181
2026-05-24T20:07:54.4456331Z Application started. Press Ctrl+C to shut down.
